// Jest Snapshot v1, https://goo.gl/fbAQLP

exports[`encounter title only once 1`] = `
<div>
  <div>
    <form
      acceptCharset={undefined}
      action={undefined}
      autoComplete={undefined}
      className="rjsf"
      encType={undefined}
      id={undefined}
      method={undefined}
      name={undefined}
      noValidate={false}
      onSubmit={[Function]}
      target={undefined}
    >
      <div
        className="form-group field field-object"
      >
        <fieldset>
          <legend
            id="root__title"
          >
            Encounter
          </legend>
          <div
            className="form-group field field-string"
          >
            <label
              className="control-label"
              htmlFor="root_encounter"
            >
              encounter
            </label>
            <div />
            <input
              autoFocus={false}
              className="form-control"
              disabled={false}
              id="root_encounter"
              label="encounter"
              onBlur={[Function]}
              onChange={[Function]}
              onFocus={[Function]}
              placeholder=""
              readOnly={false}
              required={false}
              type="text"
              value=""
            />
            <div />
            <div />
          </div>
          <div
            className="form-group field field-string"
          >
            <label
              className="control-label"
              htmlFor="root_firstName"
            >
              firstName
            </label>
            <div />
            <input
              autoFocus={false}
              className="form-control"
              disabled={false}
              id="root_firstName"
              label="firstName"
              onBlur={[Function]}
              onChange={[Function]}
              onFocus={[Function]}
              placeholder=""
              readOnly={false}
              required={false}
              type="text"
              value=""
            />
            <div />
            <div />
          </div>
        </fieldset>
        <div />
        <div />
      </div>
      <div />
    </form>
    <fieldset>
      <div
        className="form-group col-md-12"
      >
        <ul
          className="nav nav-pills"
        >
          <li
            className="active"
            onClick={[Function]}
          >
            <a>
              0
            </a>
          </li>
          <li
            className={null}
            onClick={[Function]}
          >
            <a>
              1
            </a>
          </li>
          <li
            className={null}
            onClick={[Function]}
          >
            <a>
              2
            </a>
          </li>
        </ul>
      </div>
    </fieldset>
  </div>
  <div>
    <form
      acceptCharset={undefined}
      action={undefined}
      autoComplete={undefined}
      className="rjsf"
      encType={undefined}
      id={undefined}
      method={undefined}
      name={undefined}
      noValidate={false}
      onSubmit={[Function]}
      target={undefined}
    >
      <div
        className="form-group field field-object"
      >
        <fieldset>
          <div
            className="form-group field field-string"
          >
            <label
              className="control-label"
              htmlFor="root_firstName"
            >
              firstName
            </label>
            <div />
            <input
              autoFocus={false}
              className="form-control"
              disabled={false}
              id="root_firstName"
              label="firstName"
              onBlur={[Function]}
              onChange={[Function]}
              onFocus={[Function]}
              placeholder=""
              readOnly={false}
              required={false}
              type="text"
              value=""
            />
            <div />
            <div />
          </div>
        </fieldset>
        <div />
        <div />
      </div>
      <div />
    </form>
    <fieldset>
      <div
        className="form-group col-md-12"
      >
        <ul
          className="nav nav-pills"
        >
          <li
            className="active"
            onClick={[Function]}
          >
            <a>
              lastName
            </a>
          </li>
          <li
            className={null}
            onClick={[Function]}
          >
            <a>
              firstName
            </a>
          </li>
        </ul>
      </div>
    </fieldset>
  </div>
  <div>
    <form
      acceptCharset={undefined}
      action={undefined}
      autoComplete={undefined}
      className="rjsf"
      encType={undefined}
      id={undefined}
      method={undefined}
      name={undefined}
      noValidate={false}
      onSubmit={[Function]}
      target={undefined}
    >
      <div
        className="form-group field field-object"
      >
        <fieldset>
          <div
            className="form-group field field-string"
          >
            <label
              className="control-label"
              htmlFor="root_lastName"
            >
              lastName
            </label>
            <div />
            <input
              autoFocus={false}
              className="form-control"
              disabled={false}
              id="root_lastName"
              label="lastName"
              onBlur={[Function]}
              onChange={[Function]}
              onFocus={[Function]}
              placeholder=""
              readOnly={false}
              required={false}
              type="text"
              value=""
            />
            <div />
            <div />
          </div>
        </fieldset>
        <div />
        <div />
      </div>
      <div />
    </form>
    <div />
  </div>
</div>
`;
