// Jest Snapshot v1, https://goo.gl/fbAQLP

exports[`render vertical tabs 1`] = `
<div>
  <div>
    <div
      className="col-md-3"
    >
      <ul
        className="nav nav-pills nav-stacked"
      >
        <li
          className="active"
          onClick={[Function]}
        >
          <a>
             
            first
          </a>
        </li>
        <li
          className={null}
          onClick={[Function]}
        >
          <a>
             
            last
          </a>
        </li>
      </ul>
    </div>
    <div
      className="col-md-9"
    >
      <form
        acceptCharset={undefined}
        action={undefined}
        autoComplete={undefined}
        className="rjsf"
        encType={undefined}
        id={undefined}
        method={undefined}
        name={undefined}
        noValidate={false}
        onSubmit={[Function]}
        target={undefined}
      >
        <div
          className="form-group field field-object"
        >
          <fieldset>
            <div
              className="form-group field field-string"
            >
              <label
                className="control-label"
                htmlFor="root_firstName"
              >
                firstName
              </label>
              <div />
              <input
                autoFocus={false}
                className="form-control"
                disabled={false}
                id="root_firstName"
                label="firstName"
                onBlur={[Function]}
                onChange={[Function]}
                onFocus={[Function]}
                placeholder=""
                readOnly={false}
                required={false}
                type="text"
                value=""
              />
              <div />
              <div />
            </div>
          </fieldset>
          <div />
          <div />
        </div>
        <div />
      </form>
      <div />
    </div>
  </div>
</div>
`;
